// Jest Snapshot v1, https://goo.gl/fbAQLP

exports[`renders form 1`] = `
<form
  className="create-form"
  onSubmit={[Function]}
>
  <input
    className="full-width"
    onChange={[Function]}
    placeholder="Tab name …"
    type="text"
    value="Badminton"
  />
  <button
    className="create"
  >
    Create
  </button>
</form>
`;
