// Jest Snapshot v1, https://goo.gl/fbAQLP

exports[`renders form 1`] = `
<form
  className="import-form"
  onSubmit={[Function]}
>
  <input
    className="full-width"
    onBlur={[Function]}
    onChange={[Function]}
    onFocus={[Function]}
    placeholder="Open shared tab"
    type="text"
    value="xy123hq"
  />
  <button>
    Open shared tab
  </button>
  <div
    className="error-message"
  />
</form>
`;
